[INFO] Scanning for projects...
[INFO] 
[INFO] ------------------------< com.ionres:RESPONDPH >------------------------
[INFO] Building RESPONDPH 1.0-SNAPSHOT
[INFO]   from pom.xml
[INFO] --------------------------------[ jar ]---------------------------------
[WARNING] The artifact com.itextpdf:itext7-core:pom:9.5.0 has been relocated to com.itextpdf:itext-core:pom:9.5.0
[INFO] 
[INFO] --- resources:3.3.1:resources (default-resources) @ RESPONDPH ---
[INFO] Copying 90 resources from src\main\resources to target\classes
[INFO] 
[INFO] --- compiler:3.13.0:compile (default-compile) @ RESPONDPH ---
[INFO] Nothing to compile - all classes are up to date.
[INFO] ------------------------------------------------------------------------
[INFO] BUILD SUCCESS
[INFO] ------------------------------------------------------------------------
[INFO] Total time:  2.070 s
[INFO] Finished at: 2026-03-09T11:38:11+08:00
[INFO] ------------------------------------------------------------------------
